[2026-08-26 20:37:24] IP: ::1 | User: 1 | URL: /SweetSense/public/index.php?route=catalog | SessionViews: 1 | TotalVisits: 1
[2026-08-26 20:37:33] IP: ::1 | User: 1 | URL: /SweetSense/public/index.php?route=recipe&id=4 | SessionViews: 2 | TotalVisits: 2
[2026-08-26 20:37:45] IP: ::1 | User: 1 | URL: /SweetSense/public/index.php | SessionViews: 3 | TotalVisits: 3
[2026-08-26 20:38:22] IP: ::1 | User: guest | URL: /SweetSense/public/index.php | SessionViews: 1 | TotalVisits: 1
[2026-08-26 20:38:25] IP: ::1 | User: guest | URL: /SweetSense/public/index.php?route=catalog | SessionViews: 2 | TotalVisits: 2
[2026-08-26 20:48:58] IP: ::1 | User: 1 | URL: /SweetSense/public/index.php | SessionViews: 4 | TotalVisits: 4
[2026-08-26 20:49:00] IP: ::1 | User: 1 | URL: /SweetSense/public/index.php?route=catalog | SessionViews: 5 | TotalVisits: 5
[2026-08-26 20:49:01] IP: ::1 | User: 1 | URL: /SweetSense/public/index.php?route=recipe&id=3 | SessionViews: 6 | TotalVisits: 6
[2026-08-26 20:50:24] IP: ::1 | User: 1 | URL: /SweetSense/public/index.php?route=admin | SessionViews: 7 | TotalVisits: 7
[2026-08-26 20:50:25] IP: ::1 | User: 1 | URL: /SweetSense/public/index.php?route=recipe_create | SessionViews: 8 | TotalVisits: 8
[2026-08-26 21:14:33] IP: ::1 | User: 1 | URL: /SweetSense/public/index.php?route=recipe_create | SessionViews: 9 | TotalVisits: 9
[2026-08-26 21:14:34] IP: ::1 | User: 1 | URL: /SweetSense/public/index.php?route=admin | SessionViews: 10 | TotalVisits: 10
[2026-08-26 21:14:35] IP: ::1 | User: 1 | URL: /SweetSense/public/index.php?route=catalog | SessionViews: 11 | TotalVisits: 11
[2026-08-26 21:14:36] IP: ::1 | User: 1 | URL: /SweetSense/public/index.php?route=recipe&id=4 | SessionViews: 12 | TotalVisits: 12
[2026-08-26 21:14:50] IP: ::1 | User: 1 | URL: /SweetSense/public/index.php?route=recipe_edit&id=4 | SessionViews: 13 | TotalVisits: 13
[2026-08-26 21:14:53] IP: ::1 | User: 1 | URL: /SweetSense/public/index.php?route=recipe&id=4 | SessionViews: 14 | TotalVisits: 14
[2026-08-26 21:15:28] IP: ::1 | User: 1 | URL: /SweetSense/public/index.php?route=recipe&id=4 | SessionViews: 15 | TotalVisits: 15
[2026-08-26 21:15:32] IP: ::1 | User: 1 | URL: /SweetSense/public/index.php?route=recipe_edit&id=4 | SessionViews: 16 | TotalVisits: 16
[2026-08-26 21:15:33] IP: ::1 | User: 1 | URL: /SweetSense/public/index.php?route=recipe&id=4 | SessionViews: 17 | TotalVisits: 17
[2026-08-26 21:15:53] IP: ::1 | User: 1 | URL: /SweetSense/public/index.php?route=recipe_edit&id=4 | SessionViews: 18 | TotalVisits: 18
[2026-08-26 21:17:07] IP: ::1 | User: 1 | URL: /SweetSense/public/index.php?route=recipe&id=4 | SessionViews: 19 | TotalVisits: 19
[2026-08-26 21:17:08] IP: ::1 | User: 1 | URL: /SweetSense/public/index.php?route=recipe_edit&id=4 | SessionViews: 20 | TotalVisits: 20
[2026-08-26 21:17:09] IP: ::1 | User: 1 | URL: /SweetSense/public/index.php?route=recipe&id=4 | SessionViews: 21 | TotalVisits: 21
[2026-08-26 21:18:11] IP: ::1 | User: 1 | URL: /SweetSense/public/index.php?route=recipe_edit&id=4 | SessionViews: 22 | TotalVisits: 22
[2026-08-26 21:18:12] IP: ::1 | User: 1 | URL: /SweetSense/public/index.php?route=recipe&id=4 | SessionViews: 23 | TotalVisits: 23
[2026-08-26 21:18:13] IP: ::1 | User: 1 | URL: /SweetSense/public/index.php?route=recipe_edit&id=4 | SessionViews: 24 | TotalVisits: 24
[2026-08-26 21:19:26] IP: ::1 | User: 1 | URL: /SweetSense/public/index.php?route=recipe&id=4 | SessionViews: 25 | TotalVisits: 25
[2026-08-26 21:19:27] IP: ::1 | User: 1 | URL: /SweetSense/public/index.php?route=recipe_edit&id=4 | SessionViews: 26 | TotalVisits: 26
[2026-08-26 21:27:22] IP: ::1 | User: 1 | URL: /SweetSense/public/index.php?route=recipe_edit&id=4 | SessionViews: 27 | TotalVisits: 27
[2026-08-26 21:27:22] IP: ::1 | User: 1 | URL: /SweetSense/public/index.php?route=recipe&id=4 | SessionViews: 28 | TotalVisits: 28
[2026-08-26 21:34:55] IP: ::1 | User: 1 | URL: /SweetSense/public/index.php?route=recipe_edit&id=4 | SessionViews: 29 | TotalVisits: 29
[2026-08-26 21:55:39] IP: ::1 | User: 1 | URL: /SweetSense/public/index.php?route=recipe_edit&id=4 | SessionViews: 30 | TotalVisits: 30
[2026-08-26 21:57:27] IP: ::1 | User: 1 | URL: /SweetSense/public/index.php?route=recipe&id=4 | SessionViews: 31 | TotalVisits: 31
[2026-08-26 21:57:29] IP: ::1 | User: 1 | URL: /SweetSense/public/index.php?route=recipe_edit&id=4 | SessionViews: 32 | TotalVisits: 32
[2026-08-26 21:57:34] IP: ::1 | User: 1 | URL: /SweetSense/public/index.php?route=recipe_edit&id=4&lang=en | SessionViews: 33 | TotalVisits: 33
[2026-08-26 21:57:36] IP: ::1 | User: 1 | URL: /SweetSense/public/index.php?route=recipe_edit&id=4&lang=uk | SessionViews: 34 | TotalVisits: 34
[2026-08-26 21:58:49] IP: ::1 | User: 1 | URL: /SweetSense/public/index.php?route=recipe_edit&id=4&lang=uk | SessionViews: 35 | TotalVisits: 35
[2026-08-26 21:58:57] IP: ::1 | User: 1 | URL: /SweetSense/public/index.php?route=recipe_edit&id=4&lang=en | SessionViews: 36 | TotalVisits: 36
[2026-08-26 21:58:58] IP: ::1 | User: 1 | URL: /SweetSense/public/index.php?route=recipe_edit&id=4 | SessionViews: 37 | TotalVisits: 37
[2026-08-26 21:58:59] IP: ::1 | User: 1 | URL: /SweetSense/public/index.php?route=recipe&id=4 | SessionViews: 38 | TotalVisits: 38
[2026-08-26 21:59:00] IP: ::1 | User: 1 | URL: /SweetSense/public/index.php?route=recipe_edit&id=4 | SessionViews: 39 | TotalVisits: 39
[2026-08-26 21:59:01] IP: ::1 | User: 1 | URL: /SweetSense/public/index.php?route=recipe&id=4 | SessionViews: 40 | TotalVisits: 40
[2026-08-26 21:59:03] IP: ::1 | User: 1 | URL: /SweetSense/public/index.php?route=recipe_edit&id=4 | SessionViews: 41 | TotalVisits: 41
[2026-08-26 22:01:09] IP: ::1 | User: 1 | URL: /SweetSense/public/index.php?route=recipe_edit&id=4 | SessionViews: 42 | TotalVisits: 42
[2026-08-26 22:01:18] IP: ::1 | User: 1 | URL: /SweetSense/public/index.php?route=recipe_edit&id=4&lang=uk | SessionViews: 43 | TotalVisits: 43
[2026-08-26 22:01:21] IP: ::1 | User: 1 | URL: /SweetSense/public/index.php?route=recipe_edit&id=4&lang=en | SessionViews: 44 | TotalVisits: 44
[2026-08-26 22:02:44] IP: ::1 | User: 1 | URL: /SweetSense/public/index.php?route=recipe_edit&id=4&lang=en | SessionViews: 45 | TotalVisits: 45
[2026-08-26 22:02:47] IP: ::1 | User: 1 | URL: /SweetSense/public/index.php?route=recipe_edit&id=4 | SessionViews: 46 | TotalVisits: 46
[2026-08-26 22:02:47] IP: ::1 | User: 1 | URL: /SweetSense/public/index.php?route=recipe&id=4 | SessionViews: 47 | TotalVisits: 47
[2026-08-26 22:19:38] IP: ::1 | User: 1 | URL: /SweetSense/public/index.php?route=recipe_edit&id=4 | SessionViews: 48 | TotalVisits: 48
[2026-08-26 22:19:46] IP: ::1 | User: 1 | URL: /SweetSense/public/index.php?route=recipe_edit&id=4 | SessionViews: 49 | TotalVisits: 49
[2026-08-26 22:19:46] IP: ::1 | User: 1 | URL: /SweetSense/public/index.php?route=recipe&id=4 | SessionViews: 50 | TotalVisits: 50
[2026-08-26 22:19:51] IP: ::1 | User: 1 | URL: /SweetSense/public/index.php?route=recipe_edit&id=4 | SessionViews: 51 | TotalVisits: 51
[2026-08-26 22:19:54] IP: ::1 | User: 1 | URL: /SweetSense/public/index.php?route=recipe_edit&id=4 | SessionViews: 52 | TotalVisits: 52
[2026-08-26 22:19:54] IP: ::1 | User: 1 | URL: /SweetSense/public/index.php?route=recipe&id=4 | SessionViews: 53 | TotalVisits: 53
[2026-08-26 22:22:02] IP: ::1 | User: 1 | URL: /SweetSense/public/index.php | SessionViews: 54 | TotalVisits: 54
[2026-08-26 22:22:04] IP: ::1 | User: 1 | URL: /SweetSense/public/index.php?route=catalog | SessionViews: 55 | TotalVisits: 55
[2026-08-26 22:22:12] IP: ::1 | User: 1 | URL: /SweetSense/public/index.php?route=recipe&id=4 | SessionViews: 56 | TotalVisits: 56
[2026-08-26 22:22:14] IP: ::1 | User: 1 | URL: /SweetSense/public/index.php?route=catalog | SessionViews: 57 | TotalVisits: 57
[2026-08-26 22:22:55] IP: ::1 | User: 1 | URL: /SweetSense/public/index.php?route=recipe&id=4 | SessionViews: 58 | TotalVisits: 58
[2026-08-26 22:24:45] IP: ::1 | User: 1 | URL: /SweetSense/public/index.php?route=catalog | SessionViews: 59 | TotalVisits: 59
[2026-08-26 22:25:28] IP: ::1 | User: 1 | URL: /SweetSense/public/index.php?route=catalog | SessionViews: 60 | TotalVisits: 60
[2026-08-26 22:25:32] IP: ::1 | User: 1 | URL: /SweetSense/public/index.php?route=recipe&id=4 | SessionViews: 61 | TotalVisits: 61
[2026-08-26 22:25:34] IP: ::1 | User: 1 | URL: /SweetSense/public/index.php?route=catalog | SessionViews: 62 | TotalVisits: 62
[2026-08-26 22:25:34] IP: ::1 | User: 1 | URL: /SweetSense/public/index.php?route=recipe&id=3 | SessionViews: 63 | TotalVisits: 63
[2026-08-26 22:25:55] IP: ::1 | User: 1 | URL: /SweetSense/public/index.php?route=catalog | SessionViews: 64 | TotalVisits: 64
[2026-08-26 22:25:57] IP: ::1 | User: 1 | URL: /SweetSense/public/index.php?route=recipe&id=4 | SessionViews: 65 | TotalVisits: 65
[2026-08-26 22:26:00] IP: ::1 | User: 1 | URL: /SweetSense/public/index.php?route=recipe_edit&id=4 | SessionViews: 66 | TotalVisits: 66
[2026-08-26 22:26:12] IP: ::1 | User: 1 | URL: /SweetSense/public/index.php?route=recipe_edit&id=4 | SessionViews: 67 | TotalVisits: 67
[2026-08-26 22:26:12] IP: ::1 | User: 1 | URL: /SweetSense/public/index.php?route=recipe&id=4 | SessionViews: 68 | TotalVisits: 68
[2026-08-26 22:26:14] IP: ::1 | User: 1 | URL: /SweetSense/public/index.php?route=catalog | SessionViews: 69 | TotalVisits: 69
[2026-08-26 22:26:19] IP: ::1 | User: 1 | URL: /SweetSense/public/index.php?route=recipe&id=4 | SessionViews: 70 | TotalVisits: 70
[2026-08-26 22:26:21] IP: ::1 | User: 1 | URL: /SweetSense/public/index.php?route=catalog | SessionViews: 71 | TotalVisits: 71
[2026-08-26 22:26:39] IP: ::1 | User: 1 | URL: /SweetSense/public/index.php?route=recipe&id=4 | SessionViews: 72 | TotalVisits: 72
[2026-08-26 22:26:42] IP: ::1 | User: 1 | URL: /SweetSense/public/index.php?route=catalog | SessionViews: 73 | TotalVisits: 73
[2026-08-26 22:26:43] IP: ::1 | User: 1 | URL: /SweetSense/public/index.php?route=catalog | SessionViews: 74 | TotalVisits: 74
[2026-08-26 22:26:45] IP: ::1 | User: 1 | URL: /SweetSense/public/index.php?route=recipe&id=3 | SessionViews: 75 | TotalVisits: 75
[2026-08-26 22:26:55] IP: ::1 | User: 1 | URL: /SweetSense/public/index.php?route=catalog | SessionViews: 76 | TotalVisits: 76
[2026-08-26 22:27:13] IP: ::1 | User: 1 | URL: /SweetSense/public/index.php?route=admin | SessionViews: 77 | TotalVisits: 77
[2026-08-26 22:27:13] IP: ::1 | User: 1 | URL: /SweetSense/public/index.php?route=recipe_create | SessionViews: 78 | TotalVisits: 78
[2026-08-26 22:28:46] IP: ::1 | User: 1 | URL: /SweetSense/public/index.php?route=admin | SessionViews: 79 | TotalVisits: 79
[2026-08-26 22:28:47] IP: ::1 | User: 1 | URL: /SweetSense/public/index.php?route=recipe_create | SessionViews: 80 | TotalVisits: 80
[2026-08-26 22:28:50] IP: ::1 | User: 1 | URL: /SweetSense/public/index.php?route=recipe_create&lang=uk | SessionViews: 81 | TotalVisits: 81
[2026-08-26 22:28:51] IP: ::1 | User: 1 | URL: /SweetSense/public/index.php?route=recipe_create&lang=en | SessionViews: 82 | TotalVisits: 82
[2026-08-26 22:29:13] IP: ::1 | User: 1 | URL: /SweetSense/public/index.php?route=recipe_create | SessionViews: 83 | TotalVisits: 83
[2026-08-26 22:29:13] IP: ::1 | User: 1 | URL: /SweetSense/public/index.php?route=recipe&id=19 | SessionViews: 84 | TotalVisits: 84
[2026-08-26 22:29:24] IP: ::1 | User: 1 | URL: /SweetSense/public/index.php?route=catalog | SessionViews: 85 | TotalVisits: 85
[2026-08-26 22:29:25] IP: ::1 | User: 1 | URL: /SweetSense/public/index.php?route=recipe&id=19 | SessionViews: 86 | TotalVisits: 86
[2026-08-26 22:29:27] IP: ::1 | User: 1 | URL: /SweetSense/public/index.php?route=recipe_edit&id=19 | SessionViews: 87 | TotalVisits: 87
[2026-08-26 22:29:35] IP: ::1 | User: 1 | URL: /SweetSense/public/index.php?route=recipe_edit&id=19 | SessionViews: 88 | TotalVisits: 88
[2026-08-26 22:29:35] IP: ::1 | User: 1 | URL: /SweetSense/public/index.php?route=recipe&id=19 | SessionViews: 89 | TotalVisits: 89
[2026-08-26 22:29:41] IP: ::1 | User: 1 | URL: /SweetSense/public/index.php?route=recipe_edit&id=19 | SessionViews: 90 | TotalVisits: 90
[2026-08-26 22:29:45] IP: ::1 | User: 1 | URL: /SweetSense/public/index.php?route=catalog | SessionViews: 91 | TotalVisits: 91
[2026-08-26 22:29:48] IP: ::1 | User: 1 | URL: /SweetSense/public/index.php?route=recipe&id=19 | SessionViews: 92 | TotalVisits: 92
[2026-08-26 22:29:51] IP: ::1 | User: 1 | URL: /SweetSense/public/index.php?route=recipe_edit&id=19 | SessionViews: 93 | TotalVisits: 93
[2026-08-26 22:29:57] IP: ::1 | User: 1 | URL: /SweetSense/public/index.php?route=recipe_edit&id=19 | SessionViews: 94 | TotalVisits: 94
[2026-08-26 22:29:57] IP: ::1 | User: 1 | URL: /SweetSense/public/index.php?route=recipe&id=19 | SessionViews: 95 | TotalVisits: 95
[2026-08-26 22:29:58] IP: ::1 | User: 1 | URL: /SweetSense/public/index.php?route=catalog | SessionViews: 96 | TotalVisits: 96
[2026-08-26 22:30:00] IP: ::1 | User: 1 | URL: /SweetSense/public/index.php?route=recipe&id=19 | SessionViews: 97 | TotalVisits: 97
[2026-08-26 22:30:04] IP: ::1 | User: 1 | URL: /SweetSense/public/index.php?route=recipe_edit&id=19 | SessionViews: 98 | TotalVisits: 98
[2026-08-26 22:35:05] IP: ::1 | User: 1 | URL: /SweetSense/public/index.php?route=recipe_edit&id=19 | SessionViews: 99 | TotalVisits: 99
[2026-08-26 22:35:09] IP: ::1 | User: 1 | URL: /SweetSense/public/index.php?route=recipe_edit&id=19&lang=uk | SessionViews: 100 | TotalVisits: 100
[2026-08-26 22:35:10] IP: ::1 | User: 1 | URL: /SweetSense/public/index.php?route=recipe_edit&id=19&lang=en | SessionViews: 101 | TotalVisits: 101
[2026-08-26 22:35:15] IP: ::1 | User: 1 | URL: /SweetSense/public/index.php?route=recipe&id=19 | SessionViews: 102 | TotalVisits: 102
[2026-08-26 22:35:18] IP: ::1 | User: 1 | URL: /SweetSense/public/index.php?route=catalog | SessionViews: 103 | TotalVisits: 103
[2026-08-26 22:35:20] IP: ::1 | User: 1 | URL: /SweetSense/public/index.php?route=recipe&id=19 | SessionViews: 104 | TotalVisits: 104
[2026-08-26 22:35:22] IP: ::1 | User: 1 | URL: /SweetSense/public/index.php?route=recipe_edit&id=19 | SessionViews: 105 | TotalVisits: 105
[2026-08-26 22:35:38] IP: ::1 | User: 1 | URL: /SweetSense/public/index.php?route=recipe_edit&id=19 | SessionViews: 106 | TotalVisits: 106
[2026-08-26 22:35:38] IP: ::1 | User: 1 | URL: /SweetSense/public/index.php?route=recipe&id=19 | SessionViews: 107 | TotalVisits: 107
[2026-08-26 22:35:43] IP: ::1 | User: 1 | URL: /SweetSense/public/index.php?route=catalog | SessionViews: 108 | TotalVisits: 108
[2026-08-26 22:35:44] IP: ::1 | User: 1 | URL: /SweetSense/public/index.php?route=recipe&id=19 | SessionViews: 109 | TotalVisits: 109
[2026-08-26 22:35:47] IP: ::1 | User: 1 | URL: /SweetSense/public/index.php?route=recipe_edit&id=19 | SessionViews: 110 | TotalVisits: 110
[2026-08-26 22:35:53] IP: ::1 | User: 1 | URL: /SweetSense/public/index.php?route=recipe_edit&id=19 | SessionViews: 111 | TotalVisits: 111
[2026-08-26 22:35:53] IP: ::1 | User: 1 | URL: /SweetSense/public/index.php?route=recipe&id=19 | SessionViews: 112 | TotalVisits: 112
[2026-08-26 22:35:57] IP: ::1 | User: 1 | URL: /SweetSense/public/index.php?route=catalog | SessionViews: 113 | TotalVisits: 113
[2026-08-26 22:36:03] IP: ::1 | User: 1 | URL: /SweetSense/public/index.php?route=recipe&id=3 | SessionViews: 114 | TotalVisits: 114
[2026-08-26 22:36:05] IP: ::1 | User: 1 | URL: /SweetSense/public/index.php?route=catalog | SessionViews: 115 | TotalVisits: 115
[2026-08-26 22:37:09] IP: ::1 | User: 1 | URL: /SweetSense/public/index.php?route=recipe&id=4 | SessionViews: 116 | TotalVisits: 116
[2026-08-26 22:37:41] IP: ::1 | User: 1 | URL: /SweetSense/public/index.php?route=catalog | SessionViews: 117 | TotalVisits: 117
[2026-08-26 22:37:42] IP: ::1 | User: 1 | URL: /SweetSense/public/index.php?route=recipe&id=19 | SessionViews: 118 | TotalVisits: 118
[2026-08-26 22:37:50] IP: ::1 | User: 1 | URL: /SweetSense/public/index.php?route=catalog | SessionViews: 119 | TotalVisits: 119
[2026-08-26 22:44:14] IP: ::1 | User: 1 | URL: /SweetSense/public/index.php?route=catalog | SessionViews: 120 | TotalVisits: 120
[2026-08-26 22:44:16] IP: ::1 | User: 1 | URL: /SweetSense/public/index.php | SessionViews: 121 | TotalVisits: 121
[2026-08-26 22:52:11] IP: ::1 | User: 1 | URL: /SweetSense/public/index.php | SessionViews: 122 | TotalVisits: 122
[2026-08-26 22:53:30] IP: ::1 | User: 1 | URL: /SweetSense/public/index.php | SessionViews: 123 | TotalVisits: 123
[2026-08-26 22:53:39] IP: ::1 | User: 1 | URL: /SweetSense/public/index.php?route=support | SessionViews: 124 | TotalVisits: 124
[2026-08-26 22:53:41] IP: ::1 | User: 1 | URL: /SweetSense/public/index.php | SessionViews: 125 | TotalVisits: 125
[2026-08-26 22:53:42] IP: ::1 | User: 1 | URL: /SweetSense/public/index.php?route=catalog | SessionViews: 126 | TotalVisits: 126
[2026-08-26 22:53:43] IP: ::1 | User: 1 | URL: /SweetSense/public/index.php | SessionViews: 127 | TotalVisits: 127
[2026-08-26 22:53:45] IP: ::1 | User: 1 | URL: /SweetSense/public/index.php?route=cart | SessionViews: 128 | TotalVisits: 128
[2026-08-26 22:53:46] IP: ::1 | User: 1 | URL: /SweetSense/public/index.php | SessionViews: 129 | TotalVisits: 129
[2026-08-26 22:53:52] IP: ::1 | User: 1 | URL: /SweetSense/public/index.php?route=admin | SessionViews: 130 | TotalVisits: 130
[2026-08-26 22:53:54] IP: ::1 | User: 1 | URL: /SweetSense/public/index.php | SessionViews: 131 | TotalVisits: 131
[2026-08-26 22:54:51] IP: ::1 | User: 1 | URL: /SweetSense/public/index.php?lang=uk | SessionViews: 132 | TotalVisits: 132
[2026-08-26 22:56:52] IP: ::1 | User: 1 | URL: /SweetSense/public/index.php?lang=uk | SessionViews: 133 | TotalVisits: 133
[2026-08-26 22:59:10] IP: ::1 | User: 1 | URL: /SweetSense/public/index.php?lang=uk | SessionViews: 134 | TotalVisits: 134
[2026-08-26 22:59:27] IP: ::1 | User: 1 | URL: /SweetSense/public/index.php?lang=uk | SessionViews: 135 | TotalVisits: 135
[2026-08-26 22:59:31] IP: ::1 | User: 1 | URL: /SweetSense/public/index.php?lang=en | SessionViews: 136 | TotalVisits: 136
[2026-08-26 22:59:36] IP: ::1 | User: 1 | URL: /SweetSense/public/index.php?lang=uk | SessionViews: 137 | TotalVisits: 137
[2026-08-26 22:59:37] IP: ::1 | User: 1 | URL: /SweetSense/public/index.php?route=catalog | SessionViews: 138 | TotalVisits: 138
[2026-08-26 22:59:39] IP: ::1 | User: 1 | URL: /SweetSense/public/index.php | SessionViews: 139 | TotalVisits: 139
[2026-08-26 23:00:49] IP: ::1 | User: 1 | URL: /SweetSense/public/index.php | SessionViews: 140 | TotalVisits: 140
[2026-08-26 23:01:24] IP: ::1 | User: 1 | URL: /SweetSense/public/index.php?route=cart | SessionViews: 141 | TotalVisits: 141
[2026-08-26 23:01:25] IP: ::1 | User: 1 | URL: /SweetSense/public/index.php?route=cart | SessionViews: 142 | TotalVisits: 142
[2026-08-26 23:01:25] IP: ::1 | User: 1 | URL: /SweetSense/public/index.php?route=cart | SessionViews: 143 | TotalVisits: 143
[2026-08-26 23:01:28] IP: ::1 | User: 1 | URL: /SweetSense/public/index.php?route=admin | SessionViews: 144 | TotalVisits: 144
[2026-08-26 23:01:34] IP: ::1 | User: 1 | URL: /SweetSense/public/index.php?route=admin&tab=users | SessionViews: 145 | TotalVisits: 145
[2026-08-26 23:01:37] IP: ::1 | User: 1 | URL: /SweetSense/public/index.php?route=profile&id=5 | SessionViews: 146 | TotalVisits: 146
[2026-08-26 23:01:40] IP: ::1 | User: 1 | URL: /SweetSense/public/index.php | SessionViews: 147 | TotalVisits: 147
[2026-08-26 23:01:43] IP: ::1 | User: 1 | URL: /SweetSense/public/index.php?route=catalog | SessionViews: 148 | TotalVisits: 148
[2026-08-26 23:01:46] IP: ::1 | User: 1 | URL: /SweetSense/public/index.php?route=recipe&id=19 | SessionViews: 149 | TotalVisits: 149
[2026-08-26 23:01:54] IP: ::1 | User: 1 | URL: /SweetSense/public/index.php?route=recipe_edit&id=19 | SessionViews: 150 | TotalVisits: 150
[2026-08-26 23:01:57] IP: ::1 | User: 1 | URL: /SweetSense/public/index.php?route=recipe_edit&id=19 | SessionViews: 151 | TotalVisits: 151
[2026-08-26 23:01:57] IP: ::1 | User: 1 | URL: /SweetSense/public/index.php?route=catalog | SessionViews: 152 | TotalVisits: 152
[2026-08-26 23:05:37] IP: ::1 | User: 1 | URL: /SweetSense/public/index.php?route=admin | SessionViews: 153 | TotalVisits: 153
[2026-08-26 23:05:39] IP: ::1 | User: 1 | URL: /SweetSense/public/index.php?route=admin&tab=categories | SessionViews: 154 | TotalVisits: 154
[2026-08-26 23:05:57] IP: ::1 | User: 1 | URL: /SweetSense/public/index.php?route=admin&tab=users | SessionViews: 155 | TotalVisits: 155
[2026-08-26 23:06:02] IP: ::1 | User: 1 | URL: /SweetSense/public/index.php?route=profile&id=1 | SessionViews: 156 | TotalVisits: 156
[2026-08-26 23:06:07] IP: ::1 | User: 1 | URL: /SweetSense/public/index.php?route=catalog | SessionViews: 157 | TotalVisits: 157
[2026-08-26 23:06:11] IP: ::1 | User: 1 | URL: /SweetSense/public/index.php?route=admin | SessionViews: 158 | TotalVisits: 158
[2026-08-26 23:06:13] IP: ::1 | User: 1 | URL: /SweetSense/public/index.php?route=admin&tab=categories | SessionViews: 159 | TotalVisits: 159
[2026-08-26 23:06:13] IP: ::1 | User: 1 | URL: /SweetSense/public/index.php?route=admin&tab=users | SessionViews: 160 | TotalVisits: 160
[2026-08-26 23:06:15] IP: ::1 | User: 1 | URL: /SweetSense/public/index.php?route=profile&id=6 | SessionViews: 161 | TotalVisits: 161
[2026-08-26 23:06:23] IP: ::1 | User: 1 | URL: /SweetSense/public/index.php?route=admin&tab=users | SessionViews: 162 | TotalVisits: 162
[2026-08-26 23:06:23] IP: ::1 | User: 1 | URL: /SweetSense/public/index.php | SessionViews: 163 | TotalVisits: 163
[2026-08-26 23:13:45] IP: ::1 | User: 1 | URL: /SweetSense/public/index.php | SessionViews: 164 | TotalVisits: 164
[2026-08-26 23:13:46] IP: ::1 | User: 1 | URL: /SweetSense/public/index.php?route=catalog | SessionViews: 165 | TotalVisits: 165
[2026-08-26 23:13:47] IP: ::1 | User: 1 | URL: /SweetSense/public/index.php | SessionViews: 166 | TotalVisits: 166
[2026-08-26 23:16:44] IP: ::1 | User: 1 | URL: /SweetSense/public/index.php?route=catalog | SessionViews: 167 | TotalVisits: 167
[2026-08-26 23:16:45] IP: ::1 | User: 1 | URL: /SweetSense/public/index.php?route=recipe&id=3 | SessionViews: 168 | TotalVisits: 168
[2026-08-26 23:16:48] IP: ::1 | User: 1 | URL: /SweetSense/public/index.php?route=recipe_edit&id=3 | SessionViews: 169 | TotalVisits: 169
[2026-08-26 23:17:02] IP: ::1 | User: 1 | URL: /SweetSense/public/index.php?route=recipe&id=3 | SessionViews: 170 | TotalVisits: 170
[2026-08-26 23:17:05] IP: ::1 | User: 1 | URL: /SweetSense/public/index.php?route=catalog | SessionViews: 171 | TotalVisits: 171
[2026-08-26 23:17:06] IP: ::1 | User: 1 | URL: /SweetSense/public/index.php?route=recipe&id=4 | SessionViews: 172 | TotalVisits: 172
[2026-08-26 23:17:15] IP: ::1 | User: 1 | URL: /SweetSense/public/index.php?route=recipe_edit&id=4 | SessionViews: 173 | TotalVisits: 173
[2026-08-26 23:19:35] IP: ::1 | User: 1 | URL: /SweetSense/public/index.php?route=recipe&id=4 | SessionViews: 174 | TotalVisits: 174
[2026-08-26 23:19:41] IP: ::1 | User: 1 | URL: /SweetSense/public/index.php?route=catalog | SessionViews: 175 | TotalVisits: 175
[2026-08-26 23:21:37] IP: ::1 | User: 1 | URL: /SweetSense/public/index.php?route=recipe&id=3 | SessionViews: 176 | TotalVisits: 176
[2026-08-26 23:21:40] IP: ::1 | User: 1 | URL: /SweetSense/public/index.php?route=recipe_edit&id=3 | SessionViews: 177 | TotalVisits: 177
[2026-08-26 23:21:56] IP: ::1 | User: 1 | URL: /SweetSense/public/index.php?route=recipe_edit&id=3 | SessionViews: 178 | TotalVisits: 178
[2026-08-26 23:21:56] IP: ::1 | User: 1 | URL: /SweetSense/public/index.php?route=recipe&id=3 | SessionViews: 179 | TotalVisits: 179
[2026-08-26 23:22:14] IP: ::1 | User: 1 | URL: /SweetSense/public/index.php?route=catalog | SessionViews: 180 | TotalVisits: 180
[2026-08-26 23:22:15] IP: ::1 | User: 1 | URL: /SweetSense/public/index.php?route=recipe&id=3 | SessionViews: 181 | TotalVisits: 181
[2026-08-26 23:22:52] IP: ::1 | User: 1 | URL: /SweetSense/public/index.php?route=catalog | SessionViews: 182 | TotalVisits: 182
[2026-08-26 23:22:57] IP: ::1 | User: 1 | URL: /SweetSense/public/index.php?route=recipe&id=4 | SessionViews: 183 | TotalVisits: 183
[2026-08-26 23:23:00] IP: ::1 | User: 1 | URL: /SweetSense/public/index.php?route=recipe_edit&id=4 | SessionViews: 184 | TotalVisits: 184
[2026-08-26 23:23:13] IP: ::1 | User: 1 | URL: /SweetSense/public/index.php?route=recipe_edit&id=4 | SessionViews: 185 | TotalVisits: 185
[2026-08-26 23:23:13] IP: ::1 | User: 1 | URL: /SweetSense/public/index.php?route=recipe&id=4 | SessionViews: 186 | TotalVisits: 186
[2026-08-26 23:23:21] IP: ::1 | User: 1 | URL: /SweetSense/public/index.php?route=catalog | SessionViews: 187 | TotalVisits: 187
[2026-08-26 23:23:22] IP: ::1 | User: 1 | URL: /SweetSense/public/index.php?route=recipe&id=2 | SessionViews: 188 | TotalVisits: 188
[2026-08-26 23:23:27] IP: ::1 | User: 1 | URL: /SweetSense/public/index.php?route=recipe_edit&id=2 | SessionViews: 189 | TotalVisits: 189
[2026-08-26 23:23:36] IP: ::1 | User: 1 | URL: /SweetSense/public/index.php?route=recipe_edit&id=2 | SessionViews: 190 | TotalVisits: 190
[2026-08-26 23:23:36] IP: ::1 | User: 1 | URL: /SweetSense/public/index.php?route=recipe&id=2 | SessionViews: 191 | TotalVisits: 191
[2026-08-26 23:23:56] IP: ::1 | User: 1 | URL: /SweetSense/public/index.php?route=catalog | SessionViews: 192 | TotalVisits: 192
[2026-08-26 23:23:58] IP: ::1 | User: 1 | URL: /SweetSense/public/index.php?route=recipe&id=1 | SessionViews: 193 | TotalVisits: 193
[2026-08-26 23:24:01] IP: ::1 | User: 1 | URL: /SweetSense/public/index.php?route=recipe_edit&id=1 | SessionViews: 194 | TotalVisits: 194
[2026-08-26 23:24:09] IP: ::1 | User: 1 | URL: /SweetSense/public/index.php?route=recipe_edit&id=1 | SessionViews: 195 | TotalVisits: 195
[2026-08-26 23:24:09] IP: ::1 | User: 1 | URL: /SweetSense/public/index.php?route=recipe&id=1 | SessionViews: 196 | TotalVisits: 196
[2026-08-26 23:24:38] IP: ::1 | User: 1 | URL: /SweetSense/public/index.php?route=catalog | SessionViews: 197 | TotalVisits: 197
[2026-08-26 23:24:56] IP: ::1 | User: 1 | URL: /SweetSense/public/index.php?route=recipe&id=3 | SessionViews: 198 | TotalVisits: 198
[2026-08-26 23:25:30] IP: ::1 | User: 1 | URL: /SweetSense/public/index.php?route=recipe&id=3 | SessionViews: 199 | TotalVisits: 199
[2026-08-26 23:25:30] IP: ::1 | User: 1 | URL: /SweetSense/public/index.php?route=recipe&id=3 | SessionViews: 200 | TotalVisits: 200
[2026-08-26 23:25:36] IP: ::1 | User: 1 | URL: /SweetSense/public/index.php | SessionViews: 201 | TotalVisits: 201
[2026-08-26 23:25:37] IP: ::1 | User: 1 | URL: /SweetSense/public/index.php?route=admin | SessionViews: 202 | TotalVisits: 202
[2026-08-26 23:25:38] IP: ::1 | User: 1 | URL: /SweetSense/public/index.php?route=logout | SessionViews: 203 | TotalVisits: 203
[2026-08-26 23:25:38] IP: ::1 | User: guest | URL: /SweetSense/public/index.php?route=login | SessionViews: 204 | TotalVisits: 204
[2026-08-26 23:25:46] IP: ::1 | User: guest | URL: /SweetSense/public/index.php?route=login | SessionViews: 205 | TotalVisits: 205
[2026-08-26 23:25:46] IP: ::1 | User: 6 | URL: /SweetSense/public/index.php?route=catalog | SessionViews: 206 | TotalVisits: 206
[2026-08-26 23:25:48] IP: ::1 | User: 6 | URL: /SweetSense/public/index.php?route=recipe&id=4 | SessionViews: 207 | TotalVisits: 207
[2026-08-26 23:26:03] IP: ::1 | User: 6 | URL: /SweetSense/public/index.php?route=catalog | SessionViews: 208 | TotalVisits: 208
[2026-08-26 23:26:04] IP: ::1 | User: 6 | URL: /SweetSense/public/index.php?route=recipe&id=3 | SessionViews: 209 | TotalVisits: 209
[2026-08-26 23:26:49] IP: ::1 | User: 6 | URL: /SweetSense/public/index.php?route=catalog | SessionViews: 210 | TotalVisits: 210
[2026-08-26 23:26:50] IP: ::1 | User: 6 | URL: /SweetSense/public/index.php?route=recipe&id=1 | SessionViews: 211 | TotalVisits: 211
[2026-08-26 23:26:51] IP: ::1 | User: 6 | URL: /SweetSense/public/index.php?route=catalog | SessionViews: 212 | TotalVisits: 212
[2026-08-26 23:27:07] IP: ::1 | User: 6 | URL: /SweetSense/public/index.php?route=recipe&id=3 | SessionViews: 213 | TotalVisits: 213
[2026-08-26 23:27:27] IP: ::1 | User: 6 | URL: /SweetSense/public/index.php?route=recipe&id=3 | SessionViews: 214 | TotalVisits: 214
[2026-08-26 23:27:27] IP: ::1 | User: 6 | URL: /SweetSense/public/index.php?route=recipe&id=3 | SessionViews: 215 | TotalVisits: 215
[2026-08-26 23:27:31] IP: ::1 | User: 6 | URL: /SweetSense/public/index.php?route=catalog | SessionViews: 216 | TotalVisits: 216
[2026-08-26 23:27:34] IP: ::1 | User: 6 | URL: /SweetSense/public/index.php?route=recipe&id=3 | SessionViews: 217 | TotalVisits: 217
[2026-08-26 23:27:39] IP: ::1 | User: 6 | URL: /SweetSense/public/index.php?route=catalog | SessionViews: 218 | TotalVisits: 218
[2026-08-26 23:30:15] IP: ::1 | User: 6 | URL: /SweetSense/public/index.php?route=catalog | SessionViews: 219 | TotalVisits: 219
[2026-08-26 23:30:17] IP: ::1 | User: 6 | URL: /SweetSense/public/index.php?route=recipe&id=3 | SessionViews: 220 | TotalVisits: 220
[2026-08-26 23:33:14] IP: ::1 | User: 6 | URL: /SweetSense/public/index.php?route=catalog | SessionViews: 221 | TotalVisits: 221
[2026-08-26 23:33:16] IP: ::1 | User: 6 | URL: /SweetSense/public/index.php?route=recipe&id=4 | SessionViews: 222 | TotalVisits: 222
[2026-08-26 23:34:35] IP: ::1 | User: 6 | URL: /SweetSense/public/index.php?route=catalog | SessionViews: 223 | TotalVisits: 223
[2026-08-26 23:34:36] IP: ::1 | User: 6 | URL: /SweetSense/public/index.php?route=recipe&id=4 | SessionViews: 224 | TotalVisits: 224
[2026-08-26 23:34:45] IP: ::1 | User: 6 | URL: /SweetSense/public/index.php | SessionViews: 225 | TotalVisits: 225
[2026-08-26 23:34:46] IP: ::1 | User: 6 | URL: /SweetSense/public/index.php?route=catalog | SessionViews: 226 | TotalVisits: 226
[2026-08-27 01:37:44] IP: ::1 | User: 6 | URL: /SweetSense/public/index.php | SessionViews: 227 | TotalVisits: 227
[2026-08-27 01:37:47] IP: ::1 | User: 6 | URL: /SweetSense/public/index.php?route=catalog | SessionViews: 228 | TotalVisits: 228
[2026-08-27 01:37:47] IP: ::1 | User: 6 | URL: /SweetSense/public/index.php?route=cart | SessionViews: 229 | TotalVisits: 229
[2026-08-27 01:37:48] IP: ::1 | User: 6 | URL: /SweetSense/public/index.php?route=support | SessionViews: 230 | TotalVisits: 230
[2026-08-27 01:37:49] IP: ::1 | User: 6 | URL: /SweetSense/public/index.php?route=catalog | SessionViews: 231 | TotalVisits: 231
[2026-08-27 02:02:02] IP: ::1 | User: 6 | URL: /SweetSense/public/index.php?route=catalog&lang=en | SessionViews: 232 | TotalVisits: 232
[2026-08-27 02:02:04] IP: ::1 | User: 6 | URL: /SweetSense/public/index.php?route=catalog&lang=uk | SessionViews: 233 | TotalVisits: 233
[2026-08-27 02:02:15] IP: ::1 | User: 6 | URL: /SweetSense/public/index.php?route=catalog&q=&sort=rating&category=0&time_from=&time_to=&min_rating=4.0&difficulty= | SessionViews: 234 | TotalVisits: 234
[2026-08-27 02:02:20] IP: ::1 | User: 6 | URL: /SweetSense/public/index.php?route=catalog&q=&sort=rating&category=0&time_from=&time_to=&min_rating=&difficulty= | SessionViews: 235 | TotalVisits: 235
[2026-08-27 02:02:25] IP: ::1 | User: 6 | URL: /SweetSense/public/index.php?route=catalog&q=&sort=rating&category=0&time_from=&time_to=&min_rating=&difficulty=easy | SessionViews: 236 | TotalVisits: 236
[2026-08-27 02:02:27] IP: ::1 | User: 6 | URL: /SweetSense/public/index.php?route=catalog&q=&sort=rating&category=0&time_from=&time_to=&min_rating=&difficulty= | SessionViews: 237 | TotalVisits: 237
[2026-08-27 02:02:31] IP: ::1 | User: 6 | URL: /SweetSense/public/index.php?route=catalog&q=&sort=rating&category=0&time_from=&time_to=&min_rating=&difficulty=&include_ingredients%5B%5D=2 | SessionViews: 238 | TotalVisits: 238
[2026-08-27 02:02:36] IP: ::1 | User: 6 | URL: /SweetSense/public/index.php?route=catalog&q=&sort=rating&category=0&time_from=&time_to=&min_rating=&difficulty=&include_ingredients%5B%5D=12 | SessionViews: 239 | TotalVisits: 239
[2026-08-27 02:02:38] IP: ::1 | User: 6 | URL: /SweetSense/public/index.php?route=catalog&q=&sort=rating&category=0&time_from=&time_to=&min_rating=&difficulty=&include_ingredients%5B%5D=7 | SessionViews: 240 | TotalVisits: 240
[2026-08-27 02:02:43] IP: ::1 | User: 6 | URL: /SweetSense/public/index.php?route=catalog&q=&sort=rating&category=0&time_from=&time_to=&min_rating=&difficulty=&include_ingredients%5B%5D=7 | SessionViews: 241 | TotalVisits: 241
[2026-08-27 02:02:46] IP: ::1 | User: 6 | URL: /SweetSense/public/index.php?route=catalog&q=&sort=rating&category=0&time_from=&time_to=&min_rating=&difficulty= | SessionViews: 242 | TotalVisits: 242
[2026-08-27 02:02:49] IP: ::1 | User: 6 | URL: /SweetSense/public/index.php?route=catalog | SessionViews: 243 | TotalVisits: 243
[2026-08-27 02:02:53] IP: ::1 | User: 6 | URL: /SweetSense/public/index.php?route=catalog&q=&sort=rating&category=6&time_from=&time_to=&min_rating=&difficulty= | SessionViews: 244 | TotalVisits: 244
[2026-08-27 02:02:56] IP: ::1 | User: 6 | URL: /SweetSense/public/index.php?route=catalog&q=&sort=rating&category=4&time_from=&time_to=&min_rating=&difficulty= | SessionViews: 245 | TotalVisits: 245
[2026-08-27 02:02:57] IP: ::1 | User: 6 | URL: /SweetSense/public/index.php?route=catalog | SessionViews: 246 | TotalVisits: 246
[2026-08-27 02:03:02] IP: ::1 | User: 6 | URL: /SweetSense/public/index.php?route=support | SessionViews: 247 | TotalVisits: 247
[2026-08-27 02:05:32] IP: ::1 | User: 6 | URL: /SweetSense/public/index.php?route=support | SessionViews: 248 | TotalVisits: 248
